// Jest Snapshot v1, https://goo.gl/fbAQLP

exports[`My Connected React-Redux Component should render with given state from Redux store 1`] = `
<section
  className="query-list"
  data-testid="query-list"
>
  <button
    onClick={[Function]}
  >
    Show saved queries
  </button>
  <div
    Closed={true}
    className="react-slidedown slider"
    onTransitionEnd={[Function]}
  >
    <li
      onClick={[Function]}
    >
      Cars
    </li>
    <li
      onClick={[Function]}
    >
      Moms
    </li>
    <li
      onClick={[Function]}
    >
      Gym
    </li>
  </div>
</section>
`;

exports[`QueryList component tests should render with given state from Redux store 1`] = `
<section
  className="query-list"
  data-testid="query-list"
>
  <button
    onClick={[Function]}
  >
    Show saved queries
  </button>
  <div
    Closed={true}
    className="react-slidedown slider"
    onTransitionEnd={[Function]}
  >
    <li
      onClick={[Function]}
    >
      Cars
    </li>
    <li
      onClick={[Function]}
    >
      Moms
    </li>
    <li
      onClick={[Function]}
    >
      Gym
    </li>
  </div>
</section>
`;
